Starting TWRP 3.7.1_12-1_By_Ansh-m14x-5c3d206a on Fri Apr 10 03:26:10 2026
 (pid 326)
RECOVERY_SDCARD_ON_DATA := true
I:Lun file '/config/usb_gadget/g1/functions/mass_storage.0/lun.0/file' does not exist, USB storage mode disabled
I:TW_BRIGHTNESS_PATH := /sys/class/leds/lcd-backlight/brightness
I:Found brightness file at '/sys/class/leds/lcd-backlight/brightness'
I:TWFunc::Set_Brightness: Setting brightness control to 560
I:TW_EXCLUDE_ENCRYPTED_BACKUPS := true
I:LANG: en
I:Startup Commands: 
=> Linking mtab
=> Processing /etc/recovery.fstab
I:Reading /etc/recovery.fstab
I:Processing '/recovery'
I:Processing '/boot'
I:Processing '/system_root'
I:Processing '/system_image'
I:Processing '/cache'
I:Processing '/data'
I:Processing '/vendor'
I:Processing '/vendor_image'
I:Processing '/persistent'
I:Processing '/misc'
I:Processing '/metadata'
I:Processing '/boot_para'
I:Processing '/dtbo'
I:Processing '/odmdtbo'
I:Processing '/nvram'
I:Processing '/nvdata'
I:Created '/nvdata' folder.
I:Processing '/nvcfg'
I:Created '/nvcfg' folder.
I:Processing '/vbmeta'
I:Processing '/para'
I:Processing '/external_sd'
I:Created '/external_sd' folder.
I:Processing '/usb_otg'
I:Created '/usb_otg' folder.
I:GetFstabPath: /odm/etc/fstab.mt6765
I:GetFstabPath: /vendor/etc/fstab.mt6765
I:Fstab: /vendor/etc/fstab.mt6765
I:Reading /etc/additional.fstab
I:Processing '/data'
I:Unhandled flag: 'reservedsize=128M'
I:FBE contents 'aes-256-xts', filenames ''
I:Unhandled flag: 'async_discard'
I:Done processing fstab files
I:Property ro.boot.product.vendor.sku not found, trying to get vintf manifest file name from ro.board.platform
find: '/vendor/etc/vintf/manifest/': No such file or directory
I:Separate manifest doesn't exist for 'android.hardware.keymaster'
I:/vendor/etc/vintf/manifest_mt6765.xml not found. Using default path for manifest.xml
I:PageManager::LoadFileToBuffer loading filename: '/vendor/etc/vintf/manifest.xml' directly
I:Looking for 'android.hardware.keymaster' service in manifest
I:Found version in manifest: 3.0
I:Keymaster_Ver::Using keymaster version '3.0' for decryption
Starting the UI...
Skipping adf graphics -- not present in build tree
cannot find/open a drm device: No such file or directory
fb0 reports (possibly inaccurate):
  vi.bits_per_pixel = 32
  vi.red.offset   =   0   .length =   8
  vi.green.offset =   8   .length =   8
  vi.blue.offset  =  16   .length =   8
setting GGL_PIXEL_FORMAT_RGBA_8888
double buffered
framebuffer: 3 (720 x 1600)
Using fbdev graphics.
I:TWFunc::Set_Brightness: Setting brightness control to 560
I:Loading package: splash (/twres/splash.xml)
I:Load XML directly
I:PageManager::LoadFileToBuffer loading filename: '/twres/splash.xml' directly
I:Checking resolution...
I:Scaling theme width 0.666667x and height 0.833333x, offsets x: 0 y: 0 w: 0 h: 0
I:Loading resources...
I:Loading variables...
I:Loading mouse cursor...
I:Loading pages...
I:Loading page splash
I:Switching packages (splash)
I:Setting up '/data' as data/media emulated storage.
I:No recovery folder found. Using default folder.
I:Backup folder set to '/data/media/0/TWRP/BACKUPS/AE6SFEMFV4OJUCPN'
Updating partition details...
I:checking for twrp app
I:Data backup size is 4257MB, free: 41386MB.
...done
I:Unmounting main partitions...
I:Loading package: TWRP (/data/recovery/theme/ui.zip)
I:Loading zip theme
I:Loading package: TWRP (/twres/ui.xml)
I:Load XML directly
I:PageManager::LoadFileToBuffer loading filename: '/twres/languages/zh_TW.xml' directly
I:PageManager::LoadFileToBuffer loading filename: '/twres/languages/zh_CN.xml' directly
I:PageManager::LoadFileToBuffer loading filename: '/twres/languages/uk.xml' directly
I:PageManager::LoadFileToBuffer loading filename: '/twres/languages/tr.xml' directly
I:PageManager::LoadFileToBuffer loading filename: '/twres/languages/sv.xml' directly
I:PageManager::LoadFileToBuffer loading filename: '/twres/languages/sl.xml' directly
I:PageManager::LoadFileToBuffer loading filename: '/twres/languages/sk.xml' directly
I:PageManager::LoadFileToBuffer loading filename: '/twres/languages/ru.xml' directly
I:PageManager::LoadFileToBuffer loading filename: '/twres/languages/pt_PT.xml' directly
I:PageManager::LoadFileToBuffer loading filename: '/twres/languages/pt_BR.xml' directly
I:PageManager::LoadFileToBuffer loading filename: '/twres/languages/pl.xml' directly
I:PageManager::LoadFileToBuffer loading filename: '/twres/languages/nl.xml' directly
I:PageManager::LoadFileToBuffer loading filename: '/twres/languages/lk.xml' directly
I:PageManager::LoadFileToBuffer loading filename: '/twres/languages/ja.xml' directly
I:PageManager::LoadFileToBuffer loading filename: '/twres/languages/it.xml' directly
I:PageManager::LoadFileToBuffer loading filename: '/twres/languages/id.xml' directly
I:PageManager::LoadFileToBuffer loading filename: '/twres/languages/hu.xml' directly
I:PageManager::LoadFileToBuffer loading filename: '/twres/languages/fr.xml' directly
I:PageManager::LoadFileToBuffer loading filename: '/twres/languages/es.xml' directly
I:PageManager::LoadFileToBuffer loading filename: '/twres/languages/en.xml' directly
I:PageManager::LoadFileToBuffer loading filename: '/twres/languages/el.xml' directly
I:PageManager::LoadFileToBuffer loading filename: '/twres/languages/de.xml' directly
I:PageManager::LoadFileToBuffer loading filename: '/twres/languages/cz.xml' directly
I:PageManager::LoadFileToBuffer loading filename: '/twres/languages/en.xml' directly
parsing languageFile
parsing languageFile done
I:PageManager::LoadFileToBuffer loading filename: '/twres/ui.xml' directly
I:Checking resolution...
I:Scaling theme width 0.666667x and height 0.833333x, offsets x: 0 y: 0 w: 0 h: 0
I:Loading resources...
I:Failed to load image from indeterminate013, error -1
I:Loading variables...
I:Loading mouse cursor...
I:Loading pages...
I:Including file: /twres/portrait.xml...
I:PageManager::LoadFileToBuffer loading filename: '/twres/portrait.xml' directly
I:Loading resources...
I:Loading variables...
I:Loading mouse cursor...
I:Loading pages...
I:Loading page main
I:Loading page main2
I:Loading page install
I:Loading page flash_confirm
I:Loading page flash_zip
I:Loading page flash_done
I:Loading page flash_sleep_and_reboot
I:Loading page flashimage_confirm
I:Loading page clear_vars
I:Loading page reboot_system_routine
I:Loading page confirm_action
I:Loading page action_page
I:Loading page singleaction_page
I:Loading page action_complete
I:Loading page filecheck
I:Loading page rebootcheck
I:Loading page wipe
I:Loading page advancedwipe
I:Loading page formatdata
I:Loading page formatdata_confirm
I:Loading page checkpartitionlist
I:Loading page partitionoptions
I:Loading page refreshfilesystem
I:Loading page selectfilesystem
I:Loading page backup
I:Loading page multiuser_warning
I:Loading page backup_options
I:Loading page backupname1
I:Loading page backupname2
I:Loading page backupencryption
I:Loading page backupencryption2
I:Loading page checkbackuppassword
I:Loading page backup_run
I:Loading page restore
I:Unable to open '/data/media/0/TWRP/BACKUPS/AE6SFEMFV4OJUCPN'
I:Loading page restore_force
I:Unable to open '/data/media/0/TWRP/BACKUPS'
I:Loading page restore_read
I:Loading page restore_decrypt
I:Loading page try_restore_decrypt
I:Loading page restore_select
I:Loading page renamebackup
I:Loading page restore_run
I:Loading page mount
I:Loading page usb_mount
I:Loading page usb_umount
I:Loading page system_readonly_check
I:Loading page fastbootreboot
I:Loading page reboot
I:Loading page installapp
I:Loading page system_readonly
I:Loading page settings
I:Loading page settings_timezone
I:Loading page settings_screen
I:Loading page settings_vibration
I:Loading page settings_language
I:Loading page copylog
I:Loading page advanced
I:Loading page partsdcardsel
I:Loading page partsdcardcheck
I:Loading page partsdcard
I:Loading page repackselect
I:Loading page repackconfirm
I:Loading page lock
I:Loading page filemanagerlist
I:Loading page filemanageroptions
I:Loading page choosedestinationfolder
I:Loading page filemanagerrenamefile
I:Loading page filemanagerrenamefolder
I:Loading page filemanagerchmod
I:Loading page filemanagerconfirm
I:Loading page filemanageraction
I:Loading page decrypt
I:Loading page decrypt_pattern
I:Loading page decrypt_pin
I:Loading page trydecrypt
I:Loading page canceldecrypt
I:Loading page terminalcommand
I:Loading page fastboot
I:Loading page sideload
I:Loading page fixcontexts
I:Loading page slideout
I:Loading page select_storage
I:Loading page select_language
I:Loading page decrypt_users
I:Loading page changeTwrpFolder
I:Loading page restore_keymaster
I:Set page: 'clear_vars'
I:Set page: 'main2'
I:Switching packages (TWRP)
I:failed to find /misc partition
ro.boot.bootreason=rtc
ro.boot.mode=recovery
ro.boot.selinux=permissive
ro.boot.dtbo_idx=0
ro.boot.hardware=mt6765
ro.boot.avb_version=1.2
ro.boot.opt_sim_count=2
ro.boot.meta_log_disable=0
ro.boot.verifiedbootstate=orange
ro.baseband=unknown
ro.bootmode=recovery
ro.hardware=mt6765
ro.revision=0
ro.bootloader=unknown
ro.boottime.adbd=2473853076
ro.boottime.init=1830658076
ro.boottime.init.selinux=140807923
ro.boottime.init.first_stage=95273231
ro.boottime.init.cold_boot_wait=257
ro.boottime.logd=2439753768
ro.boottime.ueventd=2167186153
ro.boottime.recovery=2469391307
ro.product.bootimage.name=omni_OP4C7D
ro.product.bootimage.brand=oppo
ro.product.bootimage.model=OP4C7D
ro.product.bootimage.device=OP4C7D
ro.product.bootimage.manufacturer=OPPO
ro.bootimage.build.id=SP2A.220405.004
ro.bootimage.build.date=Fri Apr 10 02:51:07 UTC 2026
ro.bootimage.build.date.utc=1775789467
ro.bootimage.build.tags=test-keys
ro.bootimage.build.type=eng
ro.bootimage.build.version.sdk=32
ro.bootimage.build.version.release=12
ro.bootimage.build.version.incremental=eng.runner.20260410.025353
ro.bootimage.build.version.release_or_codename=12
ro.bootimage.build.fingerprint=oppo/omni_OP4C7D/OP4C7D:12/SP2A.220405.004/runner04100251:eng/test-keys
ro.odm.build.date=Fri Apr 10 02:51:07 UTC 2026
ro.odm.build.date.utc=1775789467
ro.odm.build.version.incremental=eng.runner.20260410.025353
ro.odm.build.fingerprint=oppo/omni_OP4C7D/OP4C7D:12/SP2A.220405.004/runner04100251:eng/test-keys
ro.product.odm.name=omni_OP4C7D
ro.product.odm.brand=oppo
ro.product.odm.model=OP4C7D
ro.product.odm.device=OP4C7D
ro.product.odm.manufacturer=OPPO
ro.build.id=SP2A.220405.004
ro.build.date=Fri Apr 10 02:51:07 UTC 2026
ro.build.date.utc=1775789467
ro.build.host=runnervm35a4x
ro.build.tags=test-keys
ro.build.type=eng
ro.build.user=runner
ro.build.flavor=omni_OP4C7D-eng
ro.build.display.id=omni_OP4C7D-eng 12 SP2A.220405.004 eng.runner.20260410.025353 test-keys
ro.build.product=OP4C7D
ro.build.version.sdk=32
ro.build.version.base_os=
ro.build.version.release=12
ro.build.version.codename=REL
ro.build.version.incremental=eng.runner.20260410.025353
ro.build.version.preview_sdk=0
ro.build.version.all_codenames=REL
ro.build.version.security_patch=2022-04-05
ro.build.version.release_or_codename=12
ro.build.version.preview_sdk_fingerprint=REL
ro.build.version.min_supported_target_sdk=23
ro.build.description=omni_OP4C7D-eng 12 SP2A.220405.004 eng.runner.20260410.025353 test-keys
ro.build.characteristics=default
ro.build.system_root_image=true
ro.secure=0
ro.system.build.id=SP2A.220405.004
ro.system.build.date=Fri Apr 10 02:51:07 UTC 2026
ro.system.build.date.utc=1775789467
ro.system.build.tags=test-keys
ro.system.build.type=eng
ro.system.build.version.sdk=32
ro.system.build.version.release=12
ro.system.build.version.incremental=eng.runner.20260410.025353
ro.system.build.version.release_or_codename=12
ro.system.build.fingerprint=oppo/omni_OP4C7D/OP4C7D:12/SP2A.220405.004/runner04100251:eng/test-keys
ro.treble.enabled=true
ro.product.cpu.abi=arm64-v8a
ro.product.cpu.abilist=arm64-v8a,armeabi-v7a,armeabi
ro.product.cpu.abilist32=armeabi-v7a,armeabi
ro.product.cpu.abilist64=arm64-v8a
ro.product.name=OP4C7D
ro.product.brand=oppo
ro.product.model=OP4C7D
ro.product.device=OP4C7D
ro.product.system.name=omni_OP4C7D
ro.product.system.brand=oppo
ro.product.system.model=OP4C7D
ro.product.system.device=OP4C7D
ro.product.system.manufacturer=OPPO
ro.product.system_ext.name=omni_OP4C7D
ro.product.system_ext.brand=oppo
ro.product.system_ext.model=OP4C7D
ro.product.system_ext.device=OP4C7D
ro.product.system_ext.manufacturer=OPPO
ro.product.manufacturer=OPPO
ro.debuggable=1
ro.system_ext.build.id=SP2A.220405.004
ro.system_ext.build.date=Fri Apr 10 02:51:07 UTC 2026
ro.system_ext.build.date.utc=1775789467
ro.system_ext.build.tags=test-keys
ro.system_ext.build.type=eng
ro.system_ext.build.version.sdk=32
ro.system_ext.build.version.release=12
ro.system_ext.build.version.incremental=eng.runner.20260410.025353
ro.system_ext.build.version.release_or_codename=12
ro.system_ext.build.fingerprint=oppo/omni_OP4C7D/OP4C7D:12/SP2A.220405.004/runner04100251:eng/test-keys
ro.actionable_compatible_property.enabled=true
ro.vendor.build.id=SP2A.220405.004
ro.vendor.build.date=Fri Jan 7 13:07:38 CST 2022
ro.vendor.build.date.utc=1641532058
ro.vendor.build.tags=test-keys
ro.vendor.build.type=eng
ro.vendor.build.version.sdk=32
ro.vendor.build.version.release=12
ro.vendor.build.version.incremental=eng.runner.20260410.025353
ro.vendor.build.version.release_or_codename=12
ro.vendor.build.fingerprint=oppo/omni_OP4C7D/OP4C7D:12/SP2A.220405.004/runner04100251:eng/test-keys
ro.vendor.product.cpu.abilist=arm64-v8a,armeabi-v7a,armeabi
ro.vendor.product.cpu.abilist32=armeabi-v7a,armeabi
ro.vendor.product.cpu.abilist64=arm64-v8a
ro.product.board=oppo6765_19581
ro.product.vendor.name=omni_OP4C7D
ro.product.vendor.brand=oppo
ro.product.vendor.model=OP4C7D
ro.product.vendor.device=OP4C7D
ro.product.vendor.manufacturer=OPPO
ro.product.first_api_level=28
ro.cold_boot_done=true
ro.config.ringtone_sim2=ringtone_001.ogg
ro.config.calendar_sound=notification_003.ogg
ro.config.notification_sms=notification_001.ogg
ro.config.notification_sim2=notification_001.ogg
ro.bionic.arch=arm64
ro.bionic.2nd_arch=arm
ro.bionic.cpu_variant=cortex-a53
ro.bionic.2nd_cpu_variant=cortex-a53
ro.dalvik.vm.native.bridge=0
ro.zygote=zygote64_32
dalvik.vm.isa.arm.variant=cortex-a53
dalvik.vm.isa.arm.features=default
dalvik.vm.isa.arm64.variant=cortex-a53
dalvik.vm.isa.arm64.features=default
dalvik.vm.dexopt.secondary=true
dalvik.vm.dexopt.thermal-cutoff=2
dalvik.vm.usejit=true
dalvik.vm.madvise.artfile.size=4294967295
dalvik.vm.madvise.odexfile.size=104857600
dalvik.vm.madvise.vdexfile.size=104857600
dalvik.vm.heapsize=512m
dalvik.vm.lockprof.threshold=500
dalvik.vm.dex2oat-Xms=64m
dalvik.vm.dex2oat-Xmx=512m
dalvik.vm.minidebuginfo=true
dalvik.vm.appimageformat=lz4
dalvik.vm.usejitprofiles=true
dalvik.vm.image-dex2oat-Xms=64m
dalvik.vm.image-dex2oat-Xmx=64m
dalvik.vm.image-dex2oat-filter=extract
dalvik.vm.mtk-stack-trace-file=/data/anr/mtk_traces.txt
dalvik.vm.dex2oat-minidebuginfo=true
dalvik.vm.dex2oat-max-image-block-size=524288
dalvik.vm.dex2oat-resolve-startup-strings=true
dalvik.vm.dex2oat-updatable-bcp-packages-file=/system/etc/updatable-bcp-packages.txt
persist.sys.dalvik.vm.lib.2=libart.so
debug.sf.disable_backpressure=1
debug.atrace.tags.enableflags=0
bt.profiles.avrcp.multiPlayer.enable=0
ro.sf.hwrotation=0
ro.com.google.acsa=true
ro.com.google.clientidbase=android-oppo
ro.sys.usb.storage.type=mtp
ro.sys.sdcardfs=1
ro.usb.controller=musb-hdrc
ro.elsa=true
ro.oppo.theme.version=6000
ro.twrp.boot=1
ro.twrp.target.devices=CPH2015, CPH2081, OP4C7D
ro.twrp.version=3.7.1_12-1_By_Ansh-m14x
ro.twrp.fastbootd=0
ro.wifi.channels=
ro.allow.mock.location=1
ro.build.selinux=1
ro.dirac.acs.storeSettings=1
ro.dirac.config=192
ro.dirac.poolsize=2
ro.dirac.max_active.headset=5
ro.dirac.max_active.powersound=3
ro.iorapd.enable=true
ro.kernel.android.checkjni=1
ro.kernel.version=4.9
ro.system.product.cpu.abilist=arm64-v8a,armeabi-v7a,armeabi
ro.system.product.cpu.abilist32=armeabi-v7a,armeabi
ro.system.product.cpu.abilist64=arm64-v8a
ro.mediatek.chip_ver=S01
ro.mediatek.platform=MT6765
ro.telephony.sim.count=2
ro.postinstall.fstab.prefix=/system
ro.ussd_ksc5601=0
ro.ksc5601_write=0
ro.mtk_bt_support=1
ro.mtk_enable_md1=1
ro.mtk_bsp_package=1
ro.email_support_ucs2=0
ro.mtk_cta_drm_support=1
ro.mtk_pow_perf_support=1
ro.have_aacencode_feature=1
ro.mtk_deinterlace_support=1
ro.mtk_cam_stereo_camera_support=1
fbe.contents=aes-256-xts
fbe.filenames=
mtk.eccci.c2k=enabled
twrp.crash_counter=0
twrp.action_complete=0
fstab.additional=1
crypto.ready=1
fmradio.driver.enable=1
persist.meta.dumpdata=0
persist.dirac.acs.controller=afm
persist.dirac.acs.startAtBoot=3
persist.dirac.afm.mode=global
persist.engineer.hide.psw.log=6996
persist.engineer.hide.psw.warn=6776
mediatek.wlan.chip=CONSYS_MT6765
mediatek.wlan.module.postfix=_consys_mt6765
keymaster_ver=3.0
drm.service.enabled=true
ro.frp.pst=/dev/block/platform/bootdevice/by-name/frp
ro.boot.product.hardware.sku=dsds
ro.boot.dynamic_partitions=false
ro.boot.dynamic_partitions_retrofit=false
ro.hwui.use_vulkan=
ro.board.platform=mt6765
ro.carrier=unknown
pm.dexopt.ab-ota=speed-profile
pm.dexopt.shared=speed
pm.dexopt.cmdline=verify
pm.dexopt.install=speed-profile
pm.dexopt.inactive=verify
pm.dexopt.bg-dexopt=speed-profile
pm.dexopt.first-boot=extract
pm.dexopt.install-bulk=speed-profile
pm.dexopt.install-fast=skip
pm.dexopt.install-bulk-secondary=verify
pm.dexopt.install-bulk-downgraded=verify
pm.dexopt.install-bulk-secondary-downgraded=extract
sys.usb.ffs.aio_compat=1
sys.usb.ffs.ready=1
ro.build.fingerprint=oppo/OP4C7D/OP4C7D:12/SP2A.220405.004/eng.runner.20260410.025353:eng/test-keys
ro.opengles.version=196610
ro.gsid.image_running=0
gsid.image_installed=0
sys.init.perf_lsm_hooks=1
init.svc.logd=running
init.svc.ueventd=running
init.svc.recovery=running
init.svc.adbd=running
init.svc_debug_pid.adbd=357
init.svc_debug_pid.logd=318
init.svc_debug_pid.ueventd=307
init.svc_debug_pid.recovery=326
persist.log.tag.DCT=D
persist.log.tag.RILMUXD=I
persist.log.tag.CdmaMoSms=I
persist.log.tag.CdmaMtSms=I
ro.logd.size=1M
ro.logd.kernel=true
ro.control_privapp_permissions=log
persist.debug.dalvik.vm.core_platform_api_policy=just-warn
pm.dexopt.post-boot=extract
pm.dexopt.boot-after-ota=extract
ro.property_service.version=2
persist.radio.multisim.config=dsds
ril.read.imsi=1
ril.first.md=1
ril.external.md=0
ril.radiooff.poweroffMD=0
ril.telephony.mode=0
ril.flightmode.poweroffMD=0
persist.radio.lte.chip=0
persist.radio.mobile.data=0,0
persist.radio.default.sim=0
ro.minui.pixel_format=RGBX_8888
ro.minui.overscan_percent=0
ro.boot.serialno=AE6SFEMFV4OJUCPN
ro.serialno=AE6SFEMFV4OJUCPN
service.adb.root=1
ro.sf.lcd_density=320
net.bt.name=Android
persist.sys.usb.config=adb
persist.sys.elsa.enable=299
persist.sys.elsa.kernel_enable=1
persist.sys.enable.neo=1
persist.sys.enable.kneuron=1
persist.sys.neuron.channel=true
persist.sys.nsbrain.feature=1
persist.sys.neuron_system=85
persist.sys.disable_rescue=true
persist.service.acm.enable=0
ro.config.ringtone=ringtone_001.ogg
ro.config.alarm_alert=ringtone_008.ogg
ro.config.notification_sound=notification_008.ogg
ro.telephony.default_network=9,9
persist.traced.enable=1
sys.usb.state=adb
sys.usb.config=adb
sys.usb.configfs=0
sys.usb.controller=musb-hdrc
ro.odm.build.id=SP2A.220405.004
ro.odm.build.tags=test-keys
ro.odm.build.type=eng
ro.odm.build.version.sdk=32
ro.odm.build.version.release=12
ro.odm.build.version.release_or_codename=12
ro.odm.product.cpu.abilist=arm64-v8a,armeabi-v7a,armeabi
ro.odm.product.cpu.abilist32=armeabi-v7a,armeabi
ro.odm.product.cpu.abilist64=arm64-v8a
ro.vendor.wfd.dummy.enable=1
ro.vendor.wfd.iframesize.level=0
ro.vendor.oppo.build.id=PPR1.180610.011
ro.vendor.wlan.gen=gen4m
ro.vendor.connsys.dedicated.log=1
ro.vendor.mediatek.version.branch=alps-mp-p0.mp3.tc16sp
ro.vendor.mediatek.version.release=alps-mp-p0.mp3.tc16sp-V1.265
ro.vendor.mediatek.platform=MT6765
ro.vendor.md_prop_ver=1
ro.vendor.mtk_cta_set=1
ro.vendor.mtk_agps_app=1
ro.vendor.mtk_ril_mode=c6m_1rild
ro.vendor.mtk_fd_support=1
ro.vendor.mtk_pq_support=2
ro.vendor.ap_info_monitor=0
ro.vendor.mtk_aal_support=1
ro.vendor.mtk_data_config=1
ro.vendor.mtk_f2fs_enable=0
ro.vendor.mtk_gps_support=1
ro.vendor.mtk_wfd_support=1
ro.vendor.num_md_protocol=2
ro.vendor.have_aee_feature=1
ro.vendor.mtk_dhcpv6c_wifi=1
ro.vendor.mtk_emmc_support=1
ro.vendor.mtk_log_hide_gps=0
ro.vendor.mtk_wapi_support=1
ro.vendor.sim_me_lock_mode=3
ro.vendor.md_auto_setup_ims=1
ro.vendor.mtk_embms_support=1
ro.vendor.mtk_omacp_support=1
ro.vendor.mtk_pq_color_mode=1
ro.vendor.mtk_rild_read_imsi=1
ro.vendor.mtk_sim_card_onoff=2
ro.vendor.mtk_tee_gp_support=1
ro.vendor.mtk_zsdhdr_support=1
ro.vendor.md_log_memdump_wait=15
ro.vendor.mtk_oma_drm_support=1
ro.vendor.mtk_send_rr_support=1
ro.vendor.mtk_wappush_support=1
ro.vendor.app_resolution_tuner=1
ro.vendor.mtk_cam_lomo_support=1
ro.vendor.mtk_exchange_support=1
ro.vendor.mtk_audio_ape_support=1
ro.vendor.mtk_audio_alac_support=1
ro.vendor.mtk_bg_power_saving_ui=1
ro.vendor.mtk_camera_app_version=3
ro.vendor.mtk_world_phone_policy=0
ro.vendor.mtk_slow_motion_support=1
ro.vendor.mtk_blulight_def_support=1
ro.vendor.mtk_config_max_dram_size=0x800000000
ro.vendor.mtk_external_sim_support=1
ro.vendor.mtk_flv_playback_support=1
ro.vendor.mtk_protocol1_rat_config=Lf/Lt/W/G
ro.vendor.mtk_wmv_playback_support=1
ro.vendor.mtk_audio_tuning_tool_ver=V2.2
ro.vendor.mtk_md_world_mode_support=1
ro.vendor.mtk_modem_monitor_support=1
ro.vendor.mtk_trustonic_tee_support=1
ro.vendor.sim_refresh_reset_by_modem=1
ro.vendor.mtk_bg_power_saving_support=1
ro.vendor.mtk_external_sim_only_slots=0
ro.vendor.mtk_widevine_drm_l3_support=1
ro.vendor.mtk_sim_hot_swap_common_slot=1
ro.vendor.mtk_single_bin_modem_support=1
ro.hardware.kmsetkey=trustonic
vendor.mtk.vdec.waitkeyframeforplay=1
vendor.camera.mdp.cz.enable=1
vendor.camera.mdp.dre.enable=0
vendor.camera.mdp.hfg.enable=0
vendor.connsys.driver.ready=no
persist.vendor.vt.rotate_delay=500
persist.vendor.vt.data_simulate=0
persist.vendor.mtk.volte.enable=1
persist.vendor.mdlog.flush_log_ratio=66311
persist.vendor.radio.fd.r8.counter=150
persist.vendor.radio.fd.off.r8.counter=50
persist.vendor.radio.fd.off.counter=50
persist.vendor.radio.fd.counter=150
persist.vendor.radio.smart.data.switch=1
persist.vendor.radio.msimmode=dsds
persist.vendor.radio.mtk_ps2_rat=L/W/G
persist.vendor.radio.mtk_ps3_rat=G
persist.vendor.radio.mtk_dsbp_support=1
persist.vendor.camera3.pipeline.bufnum.min.low_ram.imgo=6
persist.vendor.camera3.pipeline.bufnum.min.low_ram.lcso=6
persist.vendor.camera3.pipeline.bufnum.min.low_ram.rrzo=6
persist.vendor.camera3.pipeline.bufnum.min.low_ram.rsso=6
persist.vendor.camera3.pipeline.bufnum.min.low_ram.fdyuv=6
persist.vendor.camera3.pipeline.bufnum.min.high_ram.imgo=8
persist.vendor.camera3.pipeline.bufnum.min.high_ram.lcso=8
persist.vendor.camera3.pipeline.bufnum.min.high_ram.rrzo=8
persist.vendor.camera3.pipeline.bufnum.min.high_ram.rsso=8
persist.vendor.camera3.pipeline.bufnum.min.high_ram.fdyuv=8
persist.vendor.camera3.pipeline.bufnum.base.imgo=5
persist.vendor.camera3.pipeline.bufnum.base.lcso=10
persist.vendor.camera3.pipeline.bufnum.base.rrzo=5
persist.vendor.camera3.pipeline.bufnum.base.rsso=5
persist.vendor.connsys.patch.version=-1
persist.vendor.connsys.chipid=-1
persist.vendor.connsys.dynamic.dump=0
persist.vendor.ims_support=1
persist.vendor.mims_support=2
persist.vendor.pms_removable=1
persist.vendor.vilte_support=1
persist.vendor.volte_support=1
persist.vendor.viwifi_support=1
persist.vendor.mtk_wfc_support=1
persist.vendor.mtk_ct_volte_support=3
persist.vendor.mtk_sim_switch_policy=2
persist.vendor.mtk_dynamic_ims_switch=1
ro.vendor.build.security_patch=2022-01-05
ro.vndk.version=32
ro.crypto.volume.filenames_mode=aes-256-cts
ro.crypto.allow_encrypt_override=true

Updating partition details...
I:checking for twrp app
I:Data backup size is 4257MB, free: 41386MB.
...done
tw_get_context got selinux context: u:object_r:media_rw_data_file:s0, file: /data/media/0
I:Got default contexts and file mode for storage files.
SELinux contexts loaded from /file_contexts
Full SELinux support is present.
I:Switching packages (TWRP)


Partition Logs:
/recovery | /dev/block/mmcblk0p2 | Size: 32MB
   Flags: IsPresent Can_Flash_Img 
   Primary_Block_Device: /dev/block/mmcblk0p2
   Display_Name: Recovery
   Storage_Name: Recovery
   Backup_Path: /recovery
   Backup_Name: recovery
   Backup_Display_Name: Recovery
   Storage_Path: /recovery
   Current_File_System: emmc
   Fstab_File_System: emmc
   Backup_Method: dd

/boot | /dev/block/mmcblk0p30 | Size: 32MB
   Flags: Can_Be_Backed_Up IsPresent Can_Flash_Img 
   Primary_Block_Device: /dev/block/mmcblk0p30
   Display_Name: Boot
   Storage_Name: Boot
   Backup_Path: /boot
   Backup_Name: boot
   Backup_Display_Name: Boot
   Storage_Path: /boot
   Current_File_System: emmc
   Fstab_File_System: emmc
   Backup_Method: dd

/system_root | /dev/block/mmcblk0p37 | Size: 5952MB Used: 4399MB Free: 1552MB Backup Size: 4399MB
   Flags: Can_Be_Mounted Can_Be_Wiped Wipe_Available_in_GUI IsPresent 
   Primary_Block_Device: /dev/block/mmcblk0p37
   Display_Name: System
   Storage_Name: System
   Backup_Path: /system_root
   Backup_Name: system
   Backup_Display_Name: System
   Storage_Path: /system_root
   Current_File_System: ext4
   Fstab_File_System: ext4
   Backup_Method: files

/system_image | /dev/block/mmcblk0p37 | Size: 6144MB
   Flags: Can_Be_Backed_Up IsPresent Can_Flash_Img 
   Primary_Block_Device: /dev/block/mmcblk0p37
   Display_Name: System Image
   Storage_Name: system_image
   Backup_Path: /system_image
   Backup_Name: system_image
   Backup_Display_Name: System Image
   Storage_Path: /system_image
   Current_File_System: emmc
   Fstab_File_System: emmc
   Backup_Method: dd

/cache | /dev/block/mmcblk0p39 | Size: 402MB Used: 0MB Free: 402MB Backup Size: 0MB
   Flags: Can_Be_Mounted Can_Be_Wiped Can_Be_Backed_Up Wipe_During_Factory_Reset Wipe_Available_in_GUI IsPresent 
   Primary_Block_Device: /dev/block/mmcblk0p39
   Display_Name: Cache
   Storage_Name: Cache
   Backup_Path: /cache
   Backup_Name: cache
   Backup_Display_Name: Cache
   Storage_Path: /cache
   Current_File_System: ext4
   Fstab_File_System: ext4
   Backup_Method: files

/vendor | /dev/block/mmcblk0p36 | Size: 1084MB Used: 719MB Free: 365MB Backup Size: 719MB
   Flags: Can_Be_Mounted Can_Be_Wiped Wipe_Available_in_GUI IsPresent 
   Primary_Block_Device: /dev/block/mmcblk0p36
   Display_Name: Vendor
   Storage_Name: Vendor
   Backup_Path: /vendor
   Backup_Name: vendor
   Backup_Display_Name: Vendor
   Storage_Path: /vendor
   Current_File_System: ext4
   Fstab_File_System: ext4
   Backup_Method: files

/vendor_image | /dev/block/mmcblk0p36 | Size: 1120MB
   Flags: Can_Be_Backed_Up IsPresent Can_Flash_Img 
   Primary_Block_Device: /dev/block/mmcblk0p36
   Display_Name: Vendor Image
   Storage_Name: vendor_image
   Backup_Path: /vendor_image
   Backup_Name: vendor_image
   Backup_Display_Name: Vendor Image
   Storage_Path: /vendor_image
   Current_File_System: emmc
   Fstab_File_System: emmc
   Backup_Method: dd

/persistent | /dev/block/mmcblk0p9 | Size: 1MB
   Flags: IsPresent 
   Primary_Block_Device: /dev/block/mmcblk0p9
   Display_Name: persistent
   Storage_Name: persistent
   Backup_Path: /persistent
   Backup_Name: persistent
   Backup_Display_Name: persistent
   Storage_Path: /persistent
   Current_File_System: emmc
   Fstab_File_System: emmc
   Backup_Method: dd

/misc |  | Size: 0MB
   Flags: 
   Primary_Block_Device: /dev/block/platform/bootdevice/by-name/misc
   Display_Name: misc
   Storage_Name: misc
   Backup_Path: /misc
   Backup_Name: misc
   Backup_Display_Name: misc
   Storage_Path: /misc
   Current_File_System: emmc
   Fstab_File_System: emmc
   Backup_Method: dd

/metadata | /dev/block/mmcblk0p12 | Size: 32MB
   Flags: IsPresent 
   Primary_Block_Device: /dev/block/mmcblk0p12
   Display_Name: metadata
   Storage_Name: metadata
   Backup_Path: /metadata
   Backup_Name: metadata
   Backup_Display_Name: metadata
   Storage_Path: /metadata
   Current_File_System: emmc
   Fstab_File_System: emmc
   Backup_Method: dd

/boot_para | /dev/block/mmcblk0p1 | Size: 1MB
   Flags: IsPresent 
   Primary_Block_Device: /dev/block/mmcblk0p1
   Display_Name: boot_para
   Storage_Name: boot_para
   Backup_Path: /boot_para
   Backup_Name: boot_para
   Backup_Display_Name: boot_para
   Storage_Path: /boot_para
   Current_File_System: emmc
   Fstab_File_System: emmc
   Backup_Method: dd

/dtbo | /dev/block/mmcblk0p32 | Size: 16MB
   Flags: IsPresent 
   Primary_Block_Device: /dev/block/mmcblk0p32
   Display_Name: dtbo
   Storage_Name: dtbo
   Backup_Path: /dtbo
   Backup_Name: dtbo
   Backup_Display_Name: dtbo
   Storage_Path: /dtbo
   Current_File_System: emmc
   Fstab_File_System: emmc
   Backup_Method: dd

/odmdtbo |  | Size: 0MB
   Flags: 
   Primary_Block_Device: /dev/block/platform/bootdevice/by-name/odmdtbo
   Display_Name: odmdtbo
   Storage_Name: odmdtbo
   Backup_Path: /odmdtbo
   Backup_Name: odmdtbo
   Backup_Display_Name: odmdtbo
   Storage_Path: /odmdtbo
   Current_File_System: emmc
   Fstab_File_System: emmc
   Backup_Method: dd

/nvram | /dev/block/mmcblk0p27 | Size: 64MB
   Flags: Can_Be_Backed_Up IsPresent Can_Flash_Img 
   Primary_Block_Device: /dev/block/mmcblk0p27
   Display_Name: Nvram
   Storage_Name: Nvram
   Backup_Path: /nvram
   Backup_Name: nvram
   Backup_Display_Name: Nvram
   Storage_Path: /nvram
   Current_File_System: emmc
   Fstab_File_System: emmc
   Backup_Method: dd

/nvdata | /dev/block/mmcblk0p11 | Size: 57MB Used: 6MB Free: 51MB Backup Size: 6MB
   Flags: Can_Be_Mounted Can_Be_Wiped Can_Be_Backed_Up IsPresent Can_Flash_Img 
   Primary_Block_Device: /dev/block/mmcblk0p11
   Display_Name: Nvdata
   Storage_Name: Nvdata
   Backup_Path: /nvdata
   Backup_Name: nvdata
   Backup_Display_Name: Nvdata
   Storage_Path: /nvdata
   Current_File_System: ext4
   Fstab_File_System: ext4
   Backup_Method: files

/nvcfg | /dev/block/mmcblk0p10 | Size: 26MB Used: 0MB Free: 26MB Backup Size: 0MB
   Flags: Can_Be_Mounted Can_Be_Wiped Can_Be_Backed_Up IsPresent Can_Flash_Img 
   Primary_Block_Device: /dev/block/mmcblk0p10
   Display_Name: Nvcfg
   Storage_Name: Nvcfg
   Backup_Path: /nvcfg
   Backup_Name: nvcfg
   Backup_Display_Name: Nvcfg
   Storage_Path: /nvcfg
   Current_File_System: ext4
   Fstab_File_System: ext4
   Backup_Method: files

/vbmeta | /dev/block/mmcblk0p38 | Size: 8MB
   Flags: Can_Be_Backed_Up IsPresent Can_Flash_Img 
   Primary_Block_Device: /dev/block/mmcblk0p38
   Display_Name: Vbmeta
   Storage_Name: Vbmeta
   Backup_Path: /vbmeta
   Backup_Name: vbmeta
   Backup_Display_Name: Vbmeta
   Storage_Path: /vbmeta
   Current_File_System: emmc
   Fstab_File_System: emmc
   Backup_Method: dd

/para | /dev/block/mmcblk0p3 | Size: 0MB
   Flags: Can_Be_Wiped Wipe_Available_in_GUI IsPresent 
   Primary_Block_Device: /dev/block/mmcblk0p3
   Display_Name: Para
   Storage_Name: Para
   Backup_Path: /para
   Backup_Name: para
   Backup_Display_Name: Para
   Storage_Path: /para
   Current_File_System: emmc
   Fstab_File_System: emmc
   Backup_Method: dd

/external_sd | /dev/block/mmcblk1p1 | Size: 14905MB Used: 8221MB Free: 6683MB Backup Size: 8221MB
   Flags: Can_Be_Mounted Can_Be_Wiped Wipe_Available_in_GUI Removable IsPresent Is_Storage 
   Primary_Block_Device: /dev/block/mmcblk1p1
   Alternate_Block_Device: /dev/block/mmcblk1
   Display_Name: Micro SD card
   Storage_Name: Micro SD card
   Backup_Path: /external_sd
   Backup_Name: external_sd
   Backup_Display_Name: Micro SD card
   Storage_Path: /external_sd
   Current_File_System: vfat
   Fstab_File_System: auto
   Backup_Method: files
   MTP_Storage_ID: 65537

/usb_otg |  | Size: 0MB Used: 0MB Free: 0MB Backup Size: 0MB
   Flags: Can_Be_Mounted Can_Be_Wiped Wipe_Available_in_GUI Removable Is_Storage 
   Primary_Block_Device: /dev/block/sda1
   Alternate_Block_Device: /dev/block/sda
   Display_Name: Usb-Otg
   Storage_Name: Usb-Otg
   Backup_Path: /usb_otg
   Backup_Name: usb_otg
   Backup_Display_Name: Usb-Otg
   Storage_Path: /usb_otg
   Current_File_System: auto
   Fstab_File_System: auto
   Backup_Method: files
   MTP_Storage_ID: 65538

/data | /dev/block/mmcblk0p40 | Size: 49081MB Used: 4257MB Free: 41386MB Backup Size: 4257MB
   Flags: Can_Be_Mounted Can_Be_Wiped Can_Be_Backed_Up Wipe_During_Factory_Reset Wipe_Available_in_GUI IsPresent Has_Data_Media Can_Encrypt_Backup Use_Userdata_Encryption Is_Storage Is_Settings_Storage 
   Symlink_Path: /data/media/0
   Symlink_Mount_Point: /sdcard
   Primary_Block_Device: /dev/block/mmcblk0p40
   Display_Name: Data
   Storage_Name: Internal Storage
   Backup_Path: /data
   Backup_Name: data
   Backup_Display_Name: Data
   Storage_Path: /data/media/0
   Current_File_System: ext4
   Fstab_File_System: ext4
   Backup_Method: files
   Mount_Flags: 1030, Mount_Options: noauto_da_alloc,async_discard
   MTP_Storage_ID: 65539

I:No recovery folder found. Using default folder.
I:Attempt to load settings from settings file...
I:InfoManager loading from '/data/recovery/.twrps'.
I:No recovery folder found. Using default folder.
I:Backup folder set to '/external_sd/TWRP/BACKUPS/AE6SFEMFV4OJUCPN'
I:Version number saved to '/cache/recovery/.version'
I:Unable to mount '/usb_otg'
I:Actual block device: '', current file system: 'auto'
I:TWFunc::Set_Brightness: Setting brightness control to 2047
I:Starting MTP
I:Cannot find file /sys/class/android_usb/android0/idVendor
I:Cannot find file /sys/class/android_usb/android0/idProduct
I:[MTP] Starting MTP
I:sending message to add 65537 '/external_sd' 'Micro SD card'
I:Message sent, add storage ID: 65537 '/external_sd'
I:sending message to add 65539 '/data/media/0' 'Internal Storage'
I:Message sent, add storage ID: 65539 '/data/media/0'
MTP Enabled
I:Check_Lifetime_Writes result: '97033'
pigz: abort: corrupted input -- invalid deflate data: /cache/recovery/log.gz
I:Starting Adb Backup FIFO
I:PageManager::LoadFileToBuffer loading filename: '/twres/languages/en.xml' directly
parsing languageFile
parsing languageFile done
I:Translating partition display names
I:No recovery folder found. Using default folder.
I:Backup folder set to '/external_sd/TWRP/BACKUPS/AE6SFEMFV4OJUCPN'
I:checking for twrp app
I:App not installed
I:Switching packages (TWRP)
I:Set page: 'main'
I:Set page: 'clear_vars'
I:Set page: 'main2'
I:[MTP] created new mtpserver object
E:[MTP] Failed to start usb driver!
I:[MTP] mtppipe add storage 65537 '/external_sd'
I:[MTP] mtppipe add storage 65539 '/data/media/0'
I:Set overlay: 'slideout'
I:Set overlay: ''
I:Set page: 'mount'
I:Set page: 'main'
I:Set page: 'clear_vars'
I:Set page: 'main2'
I:Set page: 'wipe'
I:Set page: 'advancedwipe'
I:Set page: 'main'
I:Set page: 'clear_vars'
I:Set page: 'main2'
I:Set page: 'mount'
I:Set page: 'main'
I:Set page: 'clear_vars'
I:Set page: 'main2'
I:Set page: 'install'
I:Set overlay: 'select_storage'
I:No recovery folder found. Using default folder.
I:Backup folder set to '/data/media/0/TWRP/BACKUPS/AE6SFEMFV4OJUCPN'
I:DataManager::SetBackupFolder zip path was /external_sd changing to /sdcard, /external_sd
I:Set overlay: ''
I:Set page: 'clear_vars'
I:Set page: 'install'
I:Set overlay: 'select_storage'
I:No recovery folder found. Using default folder.
I:Backup folder set to '/external_sd/TWRP/BACKUPS/AE6SFEMFV4OJUCPN'
I:Set overlay: ''
I:Set page: 'clear_vars'
I:Set page: 'install'
I:Set page: 'install'
I:Set page: 'flashimage_confirm'
I:Set page: 'clear_vars'
I:Set page: 'main2'
I:Set page: 'reboot'
I:Set page: 'main'
I:Set page: 'clear_vars'
I:Set page: 'main2'
I:Set page: 'wipe'
I:Set page: 'advancedwipe'
I:checkpartitionlist list '/para;'
I:checkpartitionlist part_path '/para'
I:Set page: 'checkpartitionlist'
I:getpartitiondetails list '/para;'
I:getpartitiondetails part_path '/para'
I:Set page: 'partitionoptions'
I:Set page: 'selectfilesystem'
I:Set page: 'main'
I:Set page: 'clear_vars'
I:Set page: 'main2'
I:Set page: 'reboot'
I:Set page: 'rebootcheck'
Rebooting...
I:InfoManager saving '/data/recovery/.twrps'
I:Saved settings file values to '/data/recovery/.twrps'
terminating
E:[MTP] twmtp_MtpServer::mtppipe_thread unexpected read_count 0
Starting TWRP 3.7.1_12-1_By_Ansh-m14x-5c3d206a on Thu Apr  9 22:26:55 2026
 (pid 422)
RECOVERY_SDCARD_ON_DATA := true
I:Lun file '/config/usb_gadget/g1/functions/mass_storage.0/lun.0/file' does not exist, USB storage mode disabled
I:TW_BRIGHTNESS_PATH := /sys/class/leds/lcd-backlight/brightness
I:Found brightness file at '/sys/class/leds/lcd-backlight/brightness'
I:TWFunc::Set_Brightness: Setting brightness control to 560
I:TW_EXCLUDE_ENCRYPTED_BACKUPS := true
I:LANG: en
I:Startup Commands: 
=> Linking mtab
=> Processing /etc/recovery.fstab
I:Reading /etc/recovery.fstab
I:Processing '/recovery'
I:Processing '/boot'
I:Processing '/system_root'
I:Processing '/system_image'
I:Processing '/cache'
I:Processing '/data'
I:Processing '/vendor'
I:Processing '/vendor_image'
I:Processing '/persistent'
I:Processing '/misc'
I:Processing '/metadata'
I:Processing '/boot_para'
I:Processing '/dtbo'
I:Processing '/odmdtbo'
I:Processing '/nvram'
I:Processing '/nvdata'
I:Processing '/nvcfg'
I:Processing '/vbmeta'
I:Processing '/para'
I:Processing '/external_sd'
I:Processing '/usb_otg'
I:GetFstabPath: /odm/etc/fstab.mt6765
I:GetFstabPath: /vendor/etc/fstab.mt6765
I:Fstab: /vendor/etc/fstab.mt6765
I:Reading /etc/additional.fstab
I:Processing '/data'
I:Unhandled flag: 'reservedsize=128M'
I:FBE contents 'aes-256-xts', filenames ''
I:Unhandled flag: 'async_discard'
I:Done processing fstab files
I:Property ro.boot.product.vendor.sku not found, trying to get vintf manifest file name from ro.board.platform
find: '/vendor/etc/vintf/manifest/': No such file or directory
I:Separate manifest doesn't exist for 'android.hardware.keymaster'
I:/vendor/etc/vintf/manifest_mt6765.xml not found. Using default path for manifest.xml
I:PageManager::LoadFileToBuffer loading filename: '/vendor/etc/vintf/manifest.xml' directly
I:Looking for 'android.hardware.keymaster' service in manifest
I:Found version in manifest: 3.0
I:Keymaster_Ver::Using keymaster version '3.0' for decryption
Starting the UI...
Skipping adf graphics -- not present in build tree
cannot find/open a drm device: No such file or directory
fb0 reports (possibly inaccurate):
  vi.bits_per_pixel = 32
  vi.red.offset   =   0   .length =   8
  vi.green.offset =   8   .length =   8
  vi.blue.offset  =  16   .length =   8
setting GGL_PIXEL_FORMAT_RGBA_8888
double buffered
framebuffer: 3 (720 x 1600)
Using fbdev graphics.
I:TWFunc::Set_Brightness: Setting brightness control to 560
I:Loading package: splash (/twres/splash.xml)
I:Load XML directly
I:PageManager::LoadFileToBuffer loading filename: '/twres/splash.xml' directly
I:Checking resolution...
I:Scaling theme width 0.666667x and height 0.833333x, offsets x: 0 y: 0 w: 0 h: 0
I:Loading resources...
I:Loading variables...
I:Loading mouse cursor...
I:Loading pages...
I:Loading page splash
I:Switching packages (splash)
I:Setting up '/data' as data/media emulated storage.
I:Recreating /data/media folder.
I:No recovery folder found. Using default folder.
I:Backup folder set to '/data/media/TWRP/BACKUPS/AE6SFEMFV4OJUCPN'
Updating partition details...
I:checking for twrp app
I:Data backup size is 4257MB, free: 41386MB.
...done
I:Unmounting main partitions...
I:Loading package: TWRP (theme/ui.zip)
I:Loading zip theme
I:Loading package: TWRP (/twres/ui.xml)
I:Load XML directly
I:PageManager::LoadFileToBuffer loading filename: '/twres/languages/zh_TW.xml' directly
I:PageManager::LoadFileToBuffer loading filename: '/twres/languages/zh_CN.xml' directly
I:PageManager::LoadFileToBuffer loading filename: '/twres/languages/uk.xml' directly
I:PageManager::LoadFileToBuffer loading filename: '/twres/languages/tr.xml' directly
I:PageManager::LoadFileToBuffer loading filename: '/twres/languages/sv.xml' directly
I:PageManager::LoadFileToBuffer loading filename: '/twres/languages/sl.xml' directly
I:PageManager::LoadFileToBuffer loading filename: '/twres/languages/sk.xml' directly
I:PageManager::LoadFileToBuffer loading filename: '/twres/languages/ru.xml' directly
I:PageManager::LoadFileToBuffer loading filename: '/twres/languages/pt_PT.xml' directly
I:PageManager::LoadFileToBuffer loading filename: '/twres/languages/pt_BR.xml' directly
I:PageManager::LoadFileToBuffer loading filename: '/twres/languages/pl.xml' directly
I:PageManager::LoadFileToBuffer loading filename: '/twres/languages/nl.xml' directly
I:PageManager::LoadFileToBuffer loading filename: '/twres/languages/lk.xml' directly
I:PageManager::LoadFileToBuffer loading filename: '/twres/languages/ja.xml' directly
I:PageManager::LoadFileToBuffer loading filename: '/twres/languages/it.xml' directly
I:PageManager::LoadFileToBuffer loading filename: '/twres/languages/id.xml' directly
I:PageManager::LoadFileToBuffer loading filename: '/twres/languages/hu.xml' directly
I:PageManager::LoadFileToBuffer loading filename: '/twres/languages/fr.xml' directly
I:PageManager::LoadFileToBuffer loading filename: '/twres/languages/es.xml' directly
I:PageManager::LoadFileToBuffer loading filename: '/twres/languages/en.xml' directly
I:PageManager::LoadFileToBuffer loading filename: '/twres/languages/el.xml' directly
I:PageManager::LoadFileToBuffer loading filename: '/twres/languages/de.xml' directly
I:PageManager::LoadFileToBuffer loading filename: '/twres/languages/cz.xml' directly
I:PageManager::LoadFileToBuffer loading filename: '/twres/languages/en.xml' directly
parsing languageFile
parsing languageFile done
I:PageManager::LoadFileToBuffer loading filename: '/twres/ui.xml' directly
I:Checking resolution...
I:Scaling theme width 0.666667x and height 0.833333x, offsets x: 0 y: 0 w: 0 h: 0
I:Loading resources...
I:Failed to load image from indeterminate013, error -1
I:Loading variables...
I:Loading mouse cursor...
I:Loading pages...
I:Including file: /twres/portrait.xml...
I:PageManager::LoadFileToBuffer loading filename: '/twres/portrait.xml' directly
I:Loading resources...
I:Loading variables...
I:Loading mouse cursor...
I:Loading pages...
I:Loading page main
I:Loading page main2
I:Loading page install
I:Loading page flash_confirm
I:Loading page flash_zip
I:Loading page flash_done
I:Loading page flash_sleep_and_reboot
I:Loading page flashimage_confirm
I:Loading page clear_vars
I:Loading page reboot_system_routine
I:Loading page confirm_action
I:Loading page action_page
I:Loading page singleaction_page
I:Loading page action_complete
I:Loading page filecheck
I:Loading page rebootcheck
I:Loading page wipe
I:Loading page advancedwipe
I:Loading page formatdata
I:Loading page formatdata_confirm
I:Loading page checkpartitionlist
I:Loading page partitionoptions
I:Loading page refreshfilesystem
I:Loading page selectfilesystem
I:Loading page backup
I:Loading page multiuser_warning
I:Loading page backup_options
I:Loading page backupname1
I:Loading page backupname2
I:Loading page backupencryption
I:Loading page backupencryption2
I:Loading page checkbackuppassword
I:Loading page backup_run
I:Loading page restore
I:Unable to open '/data/media/TWRP/BACKUPS/AE6SFEMFV4OJUCPN'
I:Loading page restore_force
I:Unable to open '/data/media/TWRP/BACKUPS'
I:Loading page restore_read
I:Loading page restore_decrypt
I:Loading page try_restore_decrypt
I:Loading page restore_select
I:Loading page renamebackup
I:Loading page restore_run
I:Loading page mount
I:Loading page usb_mount
I:Loading page usb_umount
I:Loading page system_readonly_check
I:Loading page fastbootreboot
I:Loading page reboot
I:Loading page installapp
I:Loading page system_readonly
I:Loading page settings
I:Loading page settings_timezone
I:Loading page settings_screen
I:Loading page settings_vibration
I:Loading page settings_language
I:Loading page copylog
I:Loading page advanced
I:Loading page partsdcardsel
I:Loading page partsdcardcheck
I:Loading page partsdcard
I:Loading page repackselect
I:Loading page repackconfirm
I:Loading page lock
I:Loading page filemanagerlist
I:Loading page filemanageroptions
I:Loading page choosedestinationfolder
I:Loading page filemanagerrenamefile
I:Loading page filemanagerrenamefolder
I:Loading page filemanagerchmod
I:Loading page filemanagerconfirm
I:Loading page filemanageraction
I:Loading page decrypt
I:Loading page decrypt_pattern
I:Loading page decrypt_pin
I:Loading page trydecrypt
I:Loading page canceldecrypt
I:Loading page terminalcommand
I:Loading page fastboot
I:Loading page sideload
I:Loading page fixcontexts
I:Loading page slideout
I:Loading page select_storage
I:Loading page select_language
I:Loading page decrypt_users
I:Loading page changeTwrpFolder
I:Loading page restore_keymaster
I:Set page: 'clear_vars'
I:Set page: 'main2'
I:Switching packages (TWRP)
I:failed to find /misc partition
twrp.crash_counter=1
Updating partition details...
I:checking for twrp app
I:Data backup size is 4257MB, free: 41386MB.
...done
tw_get_context got selinux context: u:object_r:media_rw_data_file:s0, file: /data/media
I:Got default contexts and file mode for storage files.
SELinux contexts loaded from /file_contexts
Full SELinux support is present.
I:Switching packages (TWRP)


Partition Logs:
/recovery | /dev/block/mmcblk0p2 | Size: 32MB
   Flags: IsPresent Can_Flash_Img 
   Primary_Block_Device: /dev/block/mmcblk0p2
   Display_Name: Recovery
   Storage_Name: Recovery
   Backup_Path: /recovery
   Backup_Name: recovery
   Backup_Display_Name: Recovery
   Storage_Path: /recovery
   Current_File_System: emmc
   Fstab_File_System: emmc
   Backup_Method: dd

/boot | /dev/block/mmcblk0p30 | Size: 32MB
   Flags: Can_Be_Backed_Up IsPresent Can_Flash_Img 
   Primary_Block_Device: /dev/block/mmcblk0p30
   Display_Name: Boot
   Storage_Name: Boot
   Backup_Path: /boot
   Backup_Name: boot
   Backup_Display_Name: Boot
   Storage_Path: /boot
   Current_File_System: emmc
   Fstab_File_System: emmc
   Backup_Method: dd

/system_root | /dev/block/mmcblk0p37 | Size: 5952MB Used: 4399MB Free: 1552MB Backup Size: 4399MB
   Flags: Can_Be_Mounted Can_Be_Wiped Wipe_Available_in_GUI IsPresent 
   Primary_Block_Device: /dev/block/mmcblk0p37
   Display_Name: System
   Storage_Name: System
   Backup_Path: /system_root
   Backup_Name: system
   Backup_Display_Name: System
   Storage_Path: /system_root
   Current_File_System: ext4
   Fstab_File_System: ext4
   Backup_Method: files

/system_image | /dev/block/mmcblk0p37 | Size: 6144MB
   Flags: Can_Be_Backed_Up IsPresent Can_Flash_Img 
   Primary_Block_Device: /dev/block/mmcblk0p37
   Display_Name: System Image
   Storage_Name: system_image
   Backup_Path: /system_image
   Backup_Name: system_image
   Backup_Display_Name: System Image
   Storage_Path: /system_image
   Current_File_System: emmc
   Fstab_File_System: emmc
   Backup_Method: dd

/cache | /dev/block/mmcblk0p39 | Size: 402MB Used: 0MB Free: 402MB Backup Size: 0MB
   Flags: Can_Be_Mounted Can_Be_Wiped Can_Be_Backed_Up Wipe_During_Factory_Reset Wipe_Available_in_GUI IsPresent 
   Primary_Block_Device: /dev/block/mmcblk0p39
   Display_Name: Cache
   Storage_Name: Cache
   Backup_Path: /cache
   Backup_Name: cache
   Backup_Display_Name: Cache
   Storage_Path: /cache
   Current_File_System: ext4
   Fstab_File_System: ext4
   Backup_Method: files

/vendor | /dev/block/mmcblk0p36 | Size: 1084MB Used: 719MB Free: 365MB Backup Size: 719MB
   Flags: Can_Be_Mounted Can_Be_Wiped Wipe_Available_in_GUI IsPresent 
   Primary_Block_Device: /dev/block/mmcblk0p36
   Display_Name: Vendor
   Storage_Name: Vendor
   Backup_Path: /vendor
   Backup_Name: vendor
   Backup_Display_Name: Vendor
   Storage_Path: /vendor
   Current_File_System: ext4
   Fstab_File_System: ext4
   Backup_Method: files

/vendor_image | /dev/block/mmcblk0p36 | Size: 1120MB
   Flags: Can_Be_Backed_Up IsPresent Can_Flash_Img 
   Primary_Block_Device: /dev/block/mmcblk0p36
   Display_Name: Vendor Image
   Storage_Name: vendor_image
   Backup_Path: /vendor_image
   Backup_Name: vendor_image
   Backup_Display_Name: Vendor Image
   Storage_Path: /vendor_image
   Current_File_System: emmc
   Fstab_File_System: emmc
   Backup_Method: dd

/persistent | /dev/block/mmcblk0p9 | Size: 1MB
   Flags: IsPresent 
   Primary_Block_Device: /dev/block/mmcblk0p9
   Display_Name: persistent
   Storage_Name: persistent
   Backup_Path: /persistent
   Backup_Name: persistent
   Backup_Display_Name: persistent
   Storage_Path: /persistent
   Current_File_System: emmc
   Fstab_File_System: emmc
   Backup_Method: dd

/misc |  | Size: 0MB
   Flags: 
   Primary_Block_Device: /dev/block/platform/bootdevice/by-name/misc
   Display_Name: misc
   Storage_Name: misc
   Backup_Path: /misc
   Backup_Name: misc
   Backup_Display_Name: misc
   Storage_Path: /misc
   Current_File_System: emmc
   Fstab_File_System: emmc
   Backup_Method: dd

/metadata | /dev/block/mmcblk0p12 | Size: 32MB
   Flags: IsPresent 
   Primary_Block_Device: /dev/block/mmcblk0p12
   Display_Name: metadata
   Storage_Name: metadata
   Backup_Path: /metadata
   Backup_Name: metadata
   Backup_Display_Name: metadata
   Storage_Path: /metadata
   Current_File_System: emmc
   Fstab_File_System: emmc
   Backup_Method: dd

/boot_para | /dev/block/mmcblk0p1 | Size: 1MB
   Flags: IsPresent 
   Primary_Block_Device: /dev/block/mmcblk0p1
   Display_Name: boot_para
   Storage_Name: boot_para
   Backup_Path: /boot_para
   Backup_Name: boot_para
   Backup_Display_Name: boot_para
   Storage_Path: /boot_para
   Current_File_System: emmc
   Fstab_File_System: emmc
   Backup_Method: dd

/dtbo | /dev/block/mmcblk0p32 | Size: 16MB
   Flags: IsPresent 
   Primary_Block_Device: /dev/block/mmcblk0p32
   Display_Name: dtbo
   Storage_Name: dtbo
   Backup_Path: /dtbo
   Backup_Name: dtbo
   Backup_Display_Name: dtbo
   Storage_Path: /dtbo
   Current_File_System: emmc
   Fstab_File_System: emmc
   Backup_Method: dd

/odmdtbo |  | Size: 0MB
   Flags: 
   Primary_Block_Device: /dev/block/platform/bootdevice/by-name/odmdtbo
   Display_Name: odmdtbo
   Storage_Name: odmdtbo
   Backup_Path: /odmdtbo
   Backup_Name: odmdtbo
   Backup_Display_Name: odmdtbo
   Storage_Path: /odmdtbo
   Current_File_System: emmc
   Fstab_File_System: emmc
   Backup_Method: dd

/nvram | /dev/block/mmcblk0p27 | Size: 64MB
   Flags: Can_Be_Backed_Up IsPresent Can_Flash_Img 
   Primary_Block_Device: /dev/block/mmcblk0p27
   Display_Name: Nvram
   Storage_Name: Nvram
   Backup_Path: /nvram
   Backup_Name: nvram
   Backup_Display_Name: Nvram
   Storage_Path: /nvram
   Current_File_System: emmc
   Fstab_File_System: emmc
   Backup_Method: dd

/nvdata | /dev/block/mmcblk0p11 | Size: 57MB Used: 6MB Free: 51MB Backup Size: 6MB
   Flags: Can_Be_Mounted Can_Be_Wiped Can_Be_Backed_Up IsPresent Can_Flash_Img 
   Primary_Block_Device: /dev/block/mmcblk0p11
   Display_Name: Nvdata
   Storage_Name: Nvdata
   Backup_Path: /nvdata
   Backup_Name: nvdata
   Backup_Display_Name: Nvdata
   Storage_Path: /nvdata
   Current_File_System: ext4
   Fstab_File_System: ext4
   Backup_Method: files

/nvcfg | /dev/block/mmcblk0p10 | Size: 26MB Used: 0MB Free: 26MB Backup Size: 0MB
   Flags: Can_Be_Mounted Can_Be_Wiped Can_Be_Backed_Up IsPresent Can_Flash_Img 
   Primary_Block_Device: /dev/block/mmcblk0p10
   Display_Name: Nvcfg
   Storage_Name: Nvcfg
   Backup_Path: /nvcfg
   Backup_Name: nvcfg
   Backup_Display_Name: Nvcfg
   Storage_Path: /nvcfg
   Current_File_System: ext4
   Fstab_File_System: ext4
   Backup_Method: files

/vbmeta | /dev/block/mmcblk0p38 | Size: 8MB
   Flags: Can_Be_Backed_Up IsPresent Can_Flash_Img 
   Primary_Block_Device: /dev/block/mmcblk0p38
   Display_Name: Vbmeta
   Storage_Name: Vbmeta
   Backup_Path: /vbmeta
   Backup_Name: vbmeta
   Backup_Display_Name: Vbmeta
   Storage_Path: /vbmeta
   Current_File_System: emmc
   Fstab_File_System: emmc
   Backup_Method: dd

/para | /dev/block/mmcblk0p3 | Size: 0MB
   Flags: Can_Be_Wiped Wipe_Available_in_GUI IsPresent 
   Primary_Block_Device: /dev/block/mmcblk0p3
   Display_Name: Para
   Storage_Name: Para
   Backup_Path: /para
   Backup_Name: para
   Backup_Display_Name: Para
   Storage_Path: /para
   Current_File_System: emmc
   Fstab_File_System: emmc
   Backup_Method: dd

/external_sd | /dev/block/mmcblk1p1 | Size: 14905MB Used: 8221MB Free: 6683MB Backup Size: 8221MB
   Flags: Can_Be_Mounted Can_Be_Wiped Wipe_Available_in_GUI Removable IsPresent Is_Storage 
   Primary_Block_Device: /dev/block/mmcblk1p1
   Alternate_Block_Device: /dev/block/mmcblk1
   Display_Name: Micro SD card
   Storage_Name: Micro SD card
   Backup_Path: /external_sd
   Backup_Name: external_sd
   Backup_Display_Name: Micro SD card
   Storage_Path: /external_sd
   Current_File_System: auto
   Fstab_File_System: auto
   Backup_Method: files
   MTP_Storage_ID: 65537

/usb_otg |  | Size: 0MB Used: 0MB Free: 0MB Backup Size: 0MB
   Flags: Can_Be_Mounted Can_Be_Wiped Wipe_Available_in_GUI Removable Is_Storage 
   Primary_Block_Device: /dev/block/sda1
   Alternate_Block_Device: /dev/block/sda
   Display_Name: Usb-Otg
   Storage_Name: Usb-Otg
   Backup_Path: /usb_otg
   Backup_Name: usb_otg
   Backup_Display_Name: Usb-Otg
   Storage_Path: /usb_otg
   Current_File_System: auto
   Fstab_File_System: auto
   Backup_Method: files
   MTP_Storage_ID: 65538

/data | /dev/block/mmcblk0p40 | Size: 49081MB Used: 4257MB Free: 41386MB Backup Size: 4257MB
   Flags: Can_Be_Mounted Can_Be_Wiped Can_Be_Backed_Up Wipe_During_Factory_Reset Wipe_Available_in_GUI IsPresent Has_Data_Media Can_Encrypt_Backup Use_Userdata_Encryption Is_Storage Is_Settings_Storage 
   Symlink_Path: /data/media
   Symlink_Mount_Point: /sdcard
   Primary_Block_Device: /dev/block/mmcblk0p40
   Display_Name: Data
   Storage_Name: Internal Storage
   Backup_Path: /data
   Backup_Name: data
   Backup_Display_Name: Data
   Storage_Path: /data/media
   Current_File_System: ext4
   Fstab_File_System: ext4
   Backup_Method: files
   Mount_Flags: 1030, Mount_Options: noauto_da_alloc,async_discard
   MTP_Storage_ID: 65539

I:No recovery folder found. Using default folder.
I:Attempt to load settings from settings file...
I:InfoManager file '.twrps' not found.
I:No recovery folder found. Using default folder.
I:Backup folder set to '/data/media/TWRP/BACKUPS/AE6SFEMFV4OJUCPN'
I:Version number saved to '/cache/recovery/.version'
I:Unable to mount '/usb_otg'
I:Actual block device: '', current file system: 'auto'
I:TWFunc::Set_Brightness: Setting brightness control to 560
I:TWRP crashed; disabling MTP as a precaution.
I:Cannot find file /sys/class/android_usb/android0/idVendor
I:Cannot find file /sys/class/android_usb/android0/idProduct
I:Switching packages (TWRP)
I:Set page: 'system_readonly'
I:Set overlay: 'slideout'
I:Set overlay: ''
I:Set overlay: 'slideout'
I:Set overlay: ''
I:Set overlay: 'slideout'
I:Set overlay: ''
I:Set overlay: 'slideout'
I:Set overlay: ''
I:operation_start: 'Toggle System Mount'
I:operation_end - status=0
I:Set page: 'main'
I:Set page: 'clear_vars'
I:Set page: 'main2'
I:Set page: 'main'
I:Set page: 'clear_vars'
I:Set page: 'main2'
I:Starting Adb Backup FIFO
I:PageManager::LoadFileToBuffer loading filename: '/twres/languages/en.xml' directly
parsing languageFile
parsing languageFile done
I:Translating partition display names
I:No recovery folder found. Using default folder.
I:Backup folder set to '/data/media/TWRP/BACKUPS/AE6SFEMFV4OJUCPN'
I:checking for twrp app
I:App not installed
I:Switching packages (TWRP)
I:Set page: 'main'
I:Set page: 'clear_vars'
I:Set page: 'main2'
I:Set overlay: 'slideout'
I:Set overlay: ''
I:Set page: 'wipe'
I:Set page: 'main'
I:Set page: 'clear_vars'
I:Set page: 'main2'
I:Set page: 'install'
I:Set page: 'main'
I:Set page: 'clear_vars'
I:Set page: 'main2'
I:Set page: 'reboot'
I:Set page: 'main'
I:Set page: 'clear_vars'
I:Set page: 'main2'
I:Set page: 'mount'
I:Set page: 'main'
I:Set page: 'clear_vars'
I:Set page: 'main2'
I:Set page: 'mount'
matches was 1 on <</dev>>
matches was 1 on <</dev>>
matches was 1 on <</dev>>
matches was 1 on <</dev>>
matches was 1 on <</dev>>
matches was 1 on <</dev>>
matches was 1 on <</dev>>
matches was 1 on <</dev>>
matches was 1 on <</dev>>
matches was 1 on <</dev>>
matches was 1 on <</dev>>
matches was 1 on <</dev>>
matches was 1 on <</dev>>
matches was 1 on <</dev>>
matches was 1 on <</dev>>
matches was 1 on <</dev>>
matches was 1 on <</dev>>
matches was 1 on <</dev>>
matches was 1 on <</dev>>
matches was 1 on <</dev>>
matches was 1 on <</dev>>
matches was 1 on <</dev>>
matches was 1 on <</dev>>
matches was 1 on <</dev>>
matches was 1 on <</dev>>
matches was 1 on <</dev>>
matches was 1 on <</dev>>
matches was 1 on <</dev>>
matches was 1 on <</dev>>
matches was 1 on <</dev>>
I:Unable to mount '/usb_otg'
I:Actual block device: '', current file system: 'auto'
matches was 1 on <</dev>>
matches was 1 on <</dev>>
matches was 1 on <</dev>>
matches was 1 on <</dev>>
matches was 1 on <</dev>>
matches was 1 on <</dev>>
matches was 1 on <</dev>>
matches was 1 on <</dev>>
matches was 1 on <</dev>>
matches was 1 on <</dev>>
matches was 1 on <</dev>>
matches was 1 on <</dev>>
matches was 1 on <</dev>>
matches was 1 on <</dev>>
matches was 1 on <</dev>>
matches was 1 on <</dev>>
matches was 1 on <</dev>>
matches was 1 on <</dev>>
matches was 1 on <</dev>>
matches was 1 on <</dev>>
matches was 1 on <</dev>>
matches was 1 on <</dev>>
matches was 1 on <</dev>>
matches was 1 on <</dev>>
matches was 1 on <</dev>>
matches was 1 on <</dev>>
matches was 1 on <</dev>>
matches was 1 on <</dev>>
matches was 1 on <</dev>>
matches was 1 on <</dev>>
matches was 1 on <</dev>>
matches was 1 on <</dev>>
matches was 1 on <</dev>>
matches was 1 on <</dev>>
matches was 1 on <</dev>>
matches was 1 on <</dev>>
matches was 1 on <</dev>>
matches was 1 on <</dev>>
I:Set page: 'main'
I:Set page: 'clear_vars'
I:Set page: 'main2'
I:Set page: 'mount'
matches was 1 on <</dev>>
matches was 1 on <</dev>>
matches was 1 on <</dev>>
matches was 1 on <</dev>>
matches was 1 on <</dev>>
matches was 1 on <</dev>>
matches was 1 on <</dev>>
matches was 1 on <</dev>>
matches was 1 on <</dev>>
matches was 1 on <</dev>>
matches was 1 on <</dev>>
matches was 1 on <</dev>>
matches was 1 on <</dev>>
matches was 1 on <</dev>>
matches was 1 on <</dev>>
matches was 1 on <</dev>>
matches was 1 on <</dev>>
matches was 1 on <</dev>>
matches was 1 on <</dev>>
matches was 1 on <</dev>>
matches was 1 on <</dev>>
matches was 1 on <</dev>>
matches was 1 on <</dev>>
matches was 1 on <</dev>>
matches was 1 on <</dev>>
matches was 1 on <</dev>>
matches was 1 on <</dev>>
matches was 1 on <</dev>>
matches was 1 on <</dev>>
matches was 1 on <</dev>>
matches was 1 on <</dev>>
matches was 1 on <</dev>>
matches was 1 on <</dev>>
matches was 1 on <</dev>>
matches was 1 on <</dev>>
matches was 1 on <</dev>>
matches was 1 on <</dev>>
matches was 1 on <</dev>>
matches was 1 on <</dev>>
matches was 1 on <</dev>>
matches was 1 on <</dev>>
I:Unable to mount '/usb_otg'
I:Actual block device: '', current file system: 'auto'
matches was 1 on <</dev>>
matches was 1 on <</dev>>
matches was 1 on <</dev>>
matches was 1 on <</dev>>
matches was 1 on <</dev>>
matches was 1 on <</dev>>
matches was 1 on <</dev>>
matches was 1 on <</dev>>
matches was 1 on <</dev>>
matches was 1 on <</dev>>
matches was 1 on <</dev>>
matches was 1 on <</dev>>
matches was 1 on <</dev>>
matches was 1 on <</dev>>
matches was 1 on <</dev>>
matches was 1 on <</dev>>
matches was 1 on <</dev>>
matches was 1 on <</dev>>
matches was 1 on <</dev>>
matches was 1 on <</dev>>
matches was 1 on <</dev>>
matches was 1 on <</dev>>
matches was 1 on <</dev>>
matches was 1 on <</dev>>
matches was 1 on <</dev>>
matches was 1 on <</dev>>
matches was 1 on <</dev>>
matches was 1 on <</dev>>
matches was 1 on <</dev>>
matches was 1 on <</dev>>
matches was 1 on <</dev>>
matches was 1 on <</dev>>
matches was 1 on <</dev>>
matches was 1 on <</dev>>
matches was 1 on <</dev>>
matches was 1 on <</dev>>
matches was 1 on <</dev>>
matches was 1 on <</dev>>
matches was 1 on <</dev>>
matches was 1 on <</dev>>
I:Set page: 'main'
I:Set page: 'clear_vars'
I:Set page: 'main2'
I:TWFunc::Set_Brightness: Setting brightness control to 0
I:TWFunc::Set_Brightness: Setting brightness control to 560
I:Set overlay: ''
I:TWFunc::Set_Brightness: Setting brightness control to 0
I:TWFunc::Set_Brightness: Setting brightness control to 560
I:Set overlay: ''
I:Set page: 'reboot'
I:Set page: 'main'
I:Set page: 'clear_vars'
I:Set page: 'main2'
I:Set page: 'install'
I:Set overlay: 'select_storage'
I:Set overlay: ''
I:Set page: 'clear_vars'
I:Set page: 'install'
I:Set overlay: 'select_storage'
I:Set overlay: ''
I:Set page: 'clear_vars'
I:Set page: 'install'
I:Set overlay: 'select_storage'
I:Set overlay: ''
I:Set page: 'clear_vars'
I:Set page: 'install'
I:Set page: 'main'
I:Set page: 'clear_vars'
I:Set page: 'main2'
matches was 1 on <</dev>>
Screenshot was saved to /data/media/Pictures/Screenshots/Screenshot_2026-04-09-22-27-43.png
I:Set overlay: 'slideout'
I:Set overlay: ''
I:Set page: 'advanced'
I:Set page: 'copylog'
I:Set page: 'action_page'
I:operation_start: 'Copy Log'
matches was 1 on <</dev>>
matches was 1 on <</dev>>
